:0080000080
:10800000FBD71E03811A4000000402BC811040000F
:10801000810D4000810B4000810C40008042000235
:108020008027011780270118802401198071011B06
:10803000806E011C8027011D8077011E8073011F47
:1080400080240002806A0002807301208067012181
:1080500080400111804001128032011380270114F9
:10806000806601158069011680780002807D010E0E
:108070008066010F8070010A8078010A02B40185D0
:108080005002B4017F52E1B001695141B591EEA1B6
:1080900005B0016FEEE1B0016941C2B582EED801D1
:1080A00020DAB8954221DBB6800221CC9A21CE217C
:1080B00061EE2022CFB67200EF20B6800120DA9E5A
:1080C000A02607E620B558EEA02607E600EF20C060
:1080D000B8BF20B582B648012004C8B8AEA031218F
:1080E000B5A402B583CDDCEF02A034210EC5C122B8
:1080F000CD2102CDB400F87101210EC89220EF21EC
:108100000E406221B662010421C2EF2002B559B7C8
:108110005520CCB8B8A02C07E620CEB51FEE20CF56
:10812000B6800120D296A02D07E600EF20CC9DA0BE
:108130002407E620CEB505EE20CFB666A107B00035
:108140009FEE20B000BCEEA02D07E600EF20D995F1
:10815000A108B1009F20F09C2095A106B1009FA12D
:1081600004B1009FA109B1009F0120A068407201E5
:10817000E121C1B68001E121C89320B67800EF016A
:108180002007E600EF022004C8212302CDCDB40170
:108190009271012204C822242302CDCDCDB401A1C5
:1081A000710123B8DC21B0010623222602CDCDCDFA
:1081B000B401B4710122B8C621B0010621242602FF
:1081C000CDCDCDB401C771012022242602CDCDCD65
:1081D000CDB401D570002121C4232502CDCDB40139
:1081E000E2710122B893219220EF2298019420B1EC
:1081F000010620EF21B87BB77500B86EB76A21B7CA
:048200003B21B72542
:00000001FF
