:0080000080
:10800000FBD7000002B582EED8010607CD2102CDD4
:0B801000B4001471010722B570CDEF21
:00000001FF
