:0080000080
:10800000FBD72602811F4000811B400081254000D4
:1080100081134000810F4000810D4000810E40001F
:108020008048011B804200028027011C8027011D1F
:108030008024011E8071012080450121806E012273
:108040008027012380770124807301268024000289
:10805000806A000280730127805701288067012908
:10806000800E00028040011480400115803201160C
:108070008027011780660118805701198069011A4D
:1080800080780002807D0110805401118066011209
:108090008070010C8049010B8078010C02B4024809
:1080A0005002B4024251A031A031B0020BB3023CE5
:1080B000A031A033B0020BB30236A031A024B0022D
:1080C0000BD4B30230A0240EB001F5B3022AA024D1
:1080D000A024B001F5B30224A024A031B001F5D44E
:1080E000B30221A106B5C4EEA031A031B0020BB598
:1080F000BAEEA031A033B0020BB5B0EEA031A0248F
:10810000B0020BD4B5A5EEA0240EB001F5B59CEEDF
:10811000A024A024B001F5B592EEA024A031B001B6
:10812000F5D4B587EEA105B582EED80120DAB89571
:108130004121DBB6800221CC9A21CE2161EE2022A2
:10814000CFB67200EF20B6800120DA9EA02607E6A7
:1081500020B558EEA02607E600EF20C0B8BF20B536
:1081600082B648012004C8B8AEA03121B5A402B53A
:1081700083CDDCEF02A034210EC5C122CD2102CD7A
:10818000B401847101210EC89220EF210E406221BA
:10819000B662010421C2EF2002B559B75520CCB810
:1081A000B8A02C07E620CEB51FEE20CFB680012068
:1081B000D296A02D07E600EF20CC9DA02407E62054
:1081C000CEB505EE20CFB666A108B0012BEE20B0EB
:1081D0000148EEA02D07E600EF20D995A109B101D5
:1081E0002B20F09C2095A107B1012BA104B1012BFC
:1081F000A10AB1012B022022CA222202CDCDB40253
:10820000027101209220EF2222C7EF022022C82211
:108210002202CDCDB402187101209220EF2222C794
:10822000EFB200E800B87AB200E300B874B200E33D
:1082300000B86EB200E300B868B200E300B862B202
:1082400000E3012007E600EF022004C8212302CD4D
:10825000CDB4025571012204C822242302CDCDCD14
:10826000B40264710123B8DC21B0019223222602FA
:10827000CDCDCDB40277710122B8C621B0019221D3
:10828000242602CDCDCDB4028A71012022242602FB
:10829000CDCDCDCDB4029870002121C4232502CDCF
:1082A000CDB402A5710122B893219220EF2298014A
:1082B0009420B1019220EF21B87BB77500B86EB75A
:0782C0006A21B73B21B7253D
:00000001FF
