:0080000080
:10800000FBD700000502B40025B583C1EED801D529
:108010002102CDB4001771012002CDB400202271DD
:10802000012121D7EF01092102CDB40031B55FC193
:08803000EF010E052361C1EF11
:00000001FF
