:0080000080
:10800000FBD71D0281194000810F4000810C400008
:10801000810A4000810B4000804200028027011647
:1080200080270117802401188071011A806E011BBE
:108030008027011C8077011D8073011E80240002AF
:10804000806A00028073011F806701208040011058
:1080500080400111803201128027011380660114D3
:108060008069011580780002807D010D8066010E17
:10807000807001098078010902B4016A5002B401DC
:108080006451A103B582EED8012004CAB301622075
:10809000B586EE2005C2B6700120DAB8954121DB25
:1080A000B6800221CC9A21CE2161EE2022CFB67279
:1080B00000EF20B6800120DA9EA02607E620B55802
:1080C000EEA02607E600EF20C0B8BF20B582B64874
:1080D000012004C8B8AEA03121B5A402B583CDDC1F
:1080E000EF02A034210EC5C122CD2102CDB400F192
:1080F0007101210EC89220EF210E406221B662016B
:108100000421C2EF2002B559B75520CCB8B8A02C35
:1081100007E620CEB51FEE20CFB6800120D296A074
:108120002D07E600EF20CC9DA02407E620CEB50564
:10813000EE20CFB666A106B00098EE20B000B5EEF6
:10814000A02D07E600EF20D995A107B1009820F0F7
:108150009C2095A105B10098A104B10098A108B197
:10816000009800EF012007E600EF022004C8212359
:1081700002CDCDB4017771012204C822242302CD9F
:10818000CDCDB40186710123B8DC21B000FF2322DC
:108190002602CDCDCDB40199710122B8C621B0001F
:1081A000FF21242602CDCDCDB401AC7101202224C3
:1081B0002602CDCDCDCDB401BA70002121C4232536
:1081C00002CDCDB401C7710122B893219220EF22D4
:1081D00098019420B100FF20EF21B87BB77500B85B
:0981E0006EB76A21B73B21B725F7
:00000001FF
