:0080000080
:10800000FBD71E02811A4000800020008110400032
:10801000810D4000810B4000810C40008042000235
:108020008027011780270118802401198071011B06
:10803000806E011C8027011D8077011E8073011F47
:1080400080240002806A0002807301208067012181
:1080500080400111804001128032011380270114F9
:10806000806601158069011680780002807D010E0E
:108070008066010F8070010A8078010A02B4015EF7
:108080005002B4015851A105D9D4B582EED80120CF
:10809000DAB8954121DBB6800221CC9A21CE21614C
:1080A000EE2022CFB67200EF20B6800120DA9EA02B
:1080B0002607E620B558EEA02607E600EF20C0B858
:1080C000BF20B582B648012004C8B8AEA03121B5A2
:1080D000A402B583CDDCEF02A034210EC5C122CDB0
:1080E0002102CDB400E77101210EC89220EF210ECC
:1080F000406221B662010421C2EF2002B559B75592
:1081000020CCB8B8A02C07E620CEB51FEE20CFB605
:10811000800120D296A02D07E600EF20CC9DA02460
:1081200007E620CEB505EE20CFB666A107B0008EDB
:10813000EE20B000ABEEA02D07E600EF20D995A110
:1081400008B1008E20F09C2095A106B1008EA104FC
:10815000B1008EA109B1008E012007E600EF0220D8
:1081600004C8212302CDCDB4016B71012204C822C1
:10817000242302CDCDCDB4017A710123B8DC21B026
:1081800000F523222602CDCDCDB4018D710122B898
:10819000C621B000F521242602CDCDCDB401A071B9
:1081A000012022242602CDCDCDCDB401AE70002118
:1081B00021C4232502CDCDB401BB710122B8932186
:1081C0009220EF2298019420B100F520EF21B87B96
:0D81D000B77500B86EB76A21B73B21B7251F
:00000001FF
