:0080000080
:10800000FBD700000607B582EED802209821942005
:0A80100022C1EF03EF00B87BB77543
:00000001FF
