:0080000080
:10800000FBD71D0381194000810F4000810C400007
:10801000810A4000810B4000804200028027011647
:1080200080270117802401188071011A806E011BBE
:108030008027011C8077011D8073011E80240002AF
:10804000806A00028073011F806701208040011058
:1080500080400111803201128027011380660114D3
:108060008069011580780002807D010D8066010E17
:10807000807001098078010902B401DD5102B40168
:108080005E5002B4015852054161B582EED801201C
:10809000DAB8954221DBB6800221CC9A21CE21614B
:1080A000EE2022CFB67200EF20B6800120DA9EA02B
:1080B0002607E620B558EEA02607E600EF20C0B858
:1080C000BF20B582B648012004C8B8AEA03121B5A2
:1080D000A402B583CDDCEF02A034210EC5C122CDB0
:1080E0002102CDB400E77101210EC89220EF210ECC
:1080F000406221B662010421C2EF2002B559B75592
:1081000020CCB8B8A02C07E620CEB51FEE20CFB605
:10811000800120D296A02D07E600EF20CC9DA02460
:1081200007E620CEB505EE20CFB666A106B0008EDC
:10813000EE20B000ABEEA02D07E600EF20D995A110
:1081400007B1008E20F09C2095A105B1008EA104FE
:10815000B1008EA108B1008E012007E600EF0220D9
:1081600004C8212302CDCDB4016B71012204C822C1
:10817000242302CDCDCDB4017A710123B8DC21B026
:1081800000F523222602CDCDCDB4018D710122B898
:10819000C621B000F521242602CDCDCDB401A071B9
:1081A000012022242602CDCDCDCDB401AE70002118
:1081B00021C4232502CDCDB401BB710122B8932186
:1081C0009220EF2298019420B100F520EF21B87B96
:1081D000B77500B86EB76A21B73B21B725FE21CC31
:1081E000B8922022B6800221CC982022CEC222CF83
:0881F000B67420EF20B100F588
:00000001FF
