:0080000080
:10800000FBD71D0281194000810F4000810C400008
:10801000810A4000810B4000804200028027011647
:1080200080270117802401188071011A806E011BBE
:108030008027011C8077011D8073011E80240002AF
:10804000806A00028073011F806701208040011058
:1080500080400111803201128027011380660114D3
:108060008069011580780002807D010D8066010E17
:10807000807001098078010902B401AB5002B4019B
:10808000A551000002B4008B62EED80220B001A01E
:1080900022B001A002B400997202202202CDB401E4
:1080A00094B00186EE212102CDB4018CB00186EEA0
:1080B0000521B0018261B6800120DAB8954121DB4B
:1080C000B6800221CC9A21CE2161EE2022CFB67259
:1080D00000EF20B6800120DA9EA02607E620B558E2
:1080E000EEA02607E600EF20C0B8BF20B582B64854
:1080F000012004C8B8AEA03121B5A402B583CDDCFF
:10810000EF02A034210EC5C122CD2102CDB4011150
:108110007101210EC89220EF210E406221B662014A
:108120000421C2EF2002B559B75520CCB8B8A02C15
:1081300007E620CEB51FEE20CFB6800120D296A054
:108140002D07E600EF20CC9DA02407E620CEB50544
:10815000EE20CFB666A106B000B8EE20B000D5EE96
:10816000A02D07E600EF20D995A107B100B820F0B7
:108170009C2095A105B100B8A104B100B8A108B137
:1081800000B80120CEEF022022D000EF012005C16F
:1081900022B56F7101200ACA9220EF2022B56371C7
:1081A000012002CDEF012007E600EF022004C821E4
:1081B0002302CDCDB401B871012204C822242302C8
:1081C000CDCDCDB401C7710123B8DC21B0011F238F
:1081D000222602CDCDCDB401DA710122B8C621B07C
:1081E000011F21242602CDCDCDB401ED7101202245
:1081F000242602CDCDCDCDB401FB70002121C423B6
:108200002502CDCDB40208710122B893219220EF4E
:108210002298019420B1011F20EF21B87BB775008F
:0A822000B86EB76A21B73B21B725FD
:00000001FF
