:0080000080
:10800000FBD71E02811A40000003FFFE81104000D2
:10801000810D4000810B4000810C40008042000235
:108020008027011780270118802401198071011B06
:10803000806E011C8027011D8077011E8073011F47
:1080400080240002806A0002807301208067012181
:1080500080400111804001128032011380270114F9
:10806000806601158069011680780002807D010E0E
:108070008066010F8070010A8078010A02B4016DE8
:108080005002B40167510E094062B591EE0A0640F4
:1080900062B58AEE0AA1054062B582EED80120DA07
:1080A000B8954121DBB6800221CC9A21CE2161EE28
:1080B0002022CFB67200EF20B6800120DA9EA026E3
:1080C00007E620B558EEA02607E600EF20C0B8BFAF
:1080D00020B582B648012004C8B8AEA03121B5A4AD
:1080E00002B583CDDCEF02A034210EC5C122CD2123
:1080F00002CDB400F67101210EC89220EF210E408E
:108100006221B662010421C2EF2002B559B75520A1
:10811000CCB8B8A02C07E620CEB51FEE20CFB68095
:108120000120D296A02D07E600EF20CC9DA02407C9
:10813000E620CEB505EE20CFB666A107B0009DEED5
:1081400020B000BAEEA02D07E600EF20D995A108D7
:10815000B1009D20F09C2095A106B1009DA104B125
:10816000009DA109B1009D012007E600EF02200457
:10817000C8212302CDCDB4017A71012204C8222482
:108180002302CDCDCDB40189710123B8DC21B0012A
:108190000423222602CDCDCDB4019C710122B8C6A4
:1081A00021B0010421242602CDCDCDB401AF71014F
:1081B0002022242602CDCDCDCDB401BD70002121D9
:1081C000C4232502CDCDB401CA710122B8932192F6
:1081D00020EF2298019420B1010420EF21B87BB751
:0C81E0007500B86EB76A21B73B21B725C7
:00000001FF
