:0080000080
:10800000FBD72903812040008123400081254000C7
:108010008115400081124000810F4000810D400019
:10802000810C40008027011D8027011E8042000234
:10803000806A011F80710121806E01228024012449
:108040008077012680730127802701288073000232
:10805000806501298073012A8067012B806A0002F4
:10806000802400028065012C8040011380400114AF
:1080700080730116806601178066011880690119F6
:108080008027011A8032011B8066011C807D01104F
:108090008066011180780002807600028070010EF7
:1080A0008078010E807E000202B401BB5202B4014E
:1080B000B5510506C7B301A408B591EE07500950A4
:1080C0000640CAB30196A109B582EED80120DAB8FC
:1080D000954121DBB6800221CC9A21CE2161EE2090
:1080E00022CFB67200EF20B6800120DA9EA02607CC
:1080F000E620B558EEA02607E600EF20C0B8BF2066
:10810000B582B648012004C8B8AEA03121B5A4029A
:10811000B583CDDCEF02A034210EC5C122CD2102F2
:10812000CDB401257101210EC89220EF210E4262CB
:1081300021B662010421C2EF2002B559B75520CC07
:10814000B8B8A02C07E620CEB51FEE20CFB6800130
:1081500020D296A02D07E600EF20CC9DA02407E6B4
:1081600020CEB505EE20CFB666A108B000CCEE203B
:10817000B000E9EEA02D07E600EF20D995A10BB1E4
:1081800000CC20F09C2095A107B100CCA105B10046
:10819000CCA10AB100CC0506C795A104B200C8A1C4
:1081A00006B200C806B000CCEE075009500640CA1F
:1081B000B864B200C6012007E600EF022004C8211F
:1081C0002302CDCDB401C871012204C822242302A8
:1081D000CDCDCDB401D7710123B8DC21B00133235B
:1081E000222602CDCDCDB401EA710122B8C621B05C
:1081F000013321242602CDCDCDB401FD7101202211
:10820000242602CDCDCDCDB4020B70002121C42394
:108210002502CDCDB40218710122B893219220EF2E
:108220002298019420B1013320EF21B87BB775006B
:0A823000B86EB76A21B73B21B725ED
:00000001FF
