:0080000080
:10800000FBD71D0281194000810F4000810C400008
:10801000810A4000810B4000804200028027011647
:1080200080270117802401188071011A806E011BBE
:108030008027011C8077011D8073011E80240002AF
:10804000806A00028073011F806701208040011058
:1080500080400111803201128027011380660114D3
:108060008069011580780002807D010D8066010E17
:10807000807001098078010902B401595002B401ED
:1080800053510606C1B582EED80120DAB8954121D8
:10809000DBB6800221CC9A21CE2161EE2022CFB620
:1080A0007200EF20B6800120DA9EA02607E620B5F8
:1080B00058EEA02607E600EF20C0B8BF20B582B674
:1080C00048012004C8B8AEA03121B5A402B583CDC3
:1080D000DCEF02A034210EC5C122CD2102CDB400B7
:1080E000E27101210EC89220EF210E406221B6629A
:1080F000010421C2EF2002B559B75520CCB8B8A071
:108100002C07E620CEB51FEE20CFB6800120D296F8
:10811000A02D07E600EF20CC9DA02407E620CEB5D9
:1081200005EE20CFB666A106B00089EE20B000A60D
:10813000EEA02D07E600EF20D995A107B100892018
:10814000F09C2095A105B10089A104B10089A10886
:10815000B10089012007E600EF022004C8212302B4
:10816000CDCDB4016671012204C822242302CDCDF5
:10817000CDB40175710123B8DC21B000F0232226B3
:1081800002CDCDCDB40188710122B8C621B000F076
:1081900021242602CDCDCDB4019B710120222426BD
:1081A00002CDCDCDCDB401A970002121C42325027B
:1081B000CDCDB401B6710122B893219220EF22985F
:1081C000019420B100F020EF21B87BB77500B86EA4
:0881D000B76A21B73B21B72576
:00000001FF
