:0080000080
:10800000FBD7000102B4003C50B5A14061EE0EB5B3
:1080100096EE0EB582EED801E121C1B68001E121D4
:10802000C89320B67800EF012007E5EF000407E5CC
:1080300002B400357101209220EFB670012007E6EE
:0280400000EF4F
:00000001FF
