:0080000080
:10800000FBD72402811E40008120400081124000E5
:10801000810E4000810C4000810D40008066011AF5
:10802000804200028027011B8027011C8024011D43
:108030008071011F806E012180760002802701225D
:10804000807701238073012480240002806A00026B
:1080500080730125807301268067012780650111E7
:1080600080400113804001148032011580270116E1
:1080700080660117806A0118806901198078000202
:10808000807D010F806601108070010B8073010AF2
:108090008078010B02B401BE5002B401B851A105B1
:1080A0000608B00173B582EED80120DAB8954121F7
:1080B000DBB6800221CC9A21CE2161EE2022CFB600
:1080C0007200EF20B6800120DA9EA02607E620B5D8
:1080D00058EEA02607E600EF20C0B8BF20B582B654
:1080E00048012004C8B8AEA03121B5A402B583CDA3
:1080F000DCEF02A034210EC5C122CD2102CDB40196
:10810000027101210EC89220EF210E406221B66259
:10811000010421C2EF2002B559B75520CCB8B8A050
:108120002C07E620CEB51FEE20CFB6800120D296D8
:10813000A02D07E600EF20CC9DA02407E620CEB5B9
:1081400005EE20CFB666A107B000A9EE20B000C6AC
:10815000EEA02D07E600EF20D995A108B100A920D7
:10816000F09C2095A106B100A9A104B100A9A10924
:10817000B100A90320DB22B5B02323C2B582DCEF16
:10818000022105B58E9B20CE21CF2305C2B571CD2E
:10819000EF02EF022022CA222202CDCDB401A0714B
:1081A00001209220EF2222C7EF022105B56597201A
:1081B000CF2205C2B67320EF012007E600EF0220B0
:1081C00004C8212302CDCDB401CB71012204C82201
:1081D000242302CDCDCDB401DA710123B8DC21B066
:1081E000011023222602CDCDCDB401ED710122B8BC
:1081F000C621B0011021242602CDCDCDB4020071DC
:10820000012022242602CDCDCDCDB4020E70002156
:1082100021C4232502CDCDB4021B710122B89321C4
:108220009220EF2298019420B1011020EF21B87B19
:0D823000B77500B86EB76A21B73B21B725BE
:00000001FF
