:0080000080
:10800000FBD7270580066115811A4000811B4000BF
:10801000812340008127400081284000810F4000DB
:10802000811E40008040011C8040011D8032011EE5
:108030008027011F806601208006012180690122BE
:1080400080780002807D012480040125806601265D
:10805000807001298008012A80780129800E0002A1
:108060008027011380770114807301168024000299
:10807000806A000280730117800701188067011968
:108080008024010E8071011080050111806E0112A3
:108090008027010C8027010D804200028009000228
:1080A00002B4028A5402B402845302B40231520E62
:1080B0000F1011121314151617426A5118191A1BB2
:1080C0001C1D1E1FA020A021426A50A104054107CB
:1080D00008B00216EE4106400809B00216EE400450
:1080E000400606B00216EEA104B58AEE41B586EE52
:1080F00040B582EED801002102CDB401CD61EEA1E0
:1081000005B6800120DAB8954321DBB6800221CC88
:108110009A21CE2161EE2022CFB67200EF20B680E8
:108120000120DA9EA02607E620B558EEA02607E635
:1081300000EF20C0B8BF20B582B648012004C8B8FF
:10814000AEA03121B5A402B583CDDCEF02A034216D
:108150000EC5C122CD2102CDB4015C7101210EC832
:108160009220EF210E446221B662010421C2EF2069
:1081700002B559B75520CCB8B8A02C07E620CEB52B
:108180001FEE20CFB6800120D296A02D07E600EF8B
:1081900020CC9DA02407E620CEB505EE20CFB66604
:1081A000A107B00103EE20B00120EEA02D07E600EC
:1081B000EF20D995A108B1010320F09C2095A106DC
:1081C000B10103A10AB10103A109B101030120B565
:1081D000C02202CDB401D8710120212302CDCDB43B
:1081E00001F4B58AEE0421B581710120CEEF0220A1
:1081F00022D000EF012023EBC8B8942221DEB00189
:1082000003EEA10BB00103EE2005C122B55C7100A5
:10821000EF012002CDEF052404CAB89322242224C2
:10822000DEDF202205C1242605C12805C2B667006D
:10823000EFFF20B6800120B5B92102CDB402407114
:108240000120DD2202CDB4024A7101212102CDCDEF
:10825000B402547000210422B583EE21EF032022E2
:1082600024CEDF22CFD2D498202205C124CFB66DF0
:1082700000EF012004B6800220CC9720CF2205C158
:10828000B67521EF012007E600EF022004C8212384
:1082900002CDCDB4029771012204C822242302CD5D
:1082A000CDCDB402A6710123B8DC21B0016A23222E
:1082B0002602CDCDCDB402B9710122B8C621B001DC
:1082C0006A21242602CDCDCDB402CC710120222416
:1082D0002602CDCDCDCDB402DA70002121C42325F4
:1082E00002CDCDB402E7710122B893219220EF2292
:1082F00098019420B1016A20EF21B87BB77500B8CE
:098300006EB76A21B73B21B725D5
:00000001FF
