:0080000080
:10800000FBD747028137400081384000813B400068
:108010000142EE9081434000001342408122400023
:1080200000048000811A4000000380008115400098
:1080300081164000811840008036012E8024012FD7
:1080400080340130804200028024013180270132D7
:1080500080240133802701348024013580240136B7
:10806000803501398071013A8031013C806E013DDB
:10807000803A013E803B0146803401198027013F50
:1080800080420140807701418073014480240002D6
:1080900080310145806A00028034014680730147C7
:1080A00080310148802401498067014A803B011FDB
:1080B000803101208034012180310123804001245E
:1080C0008031014980400125800E00028032012666
:1080D0008024012780270128803401298066012A15
:1080E0008024012B8042012C8069012D803C0119E4
:1080F000807800028024011B807D011C0003FFFEAC
:108100008024011D8066011E804201178034011306
:1081100080700114804201128037011180780114AF
:1081200002B402235002B4021D51A10BB5A5EEA169
:1081300008B5A0EEA109B59BEEA10EB596EEA10D76
:10814000B591EEA104B58CEEA107B587EEA106B5F9
:1081500082EED80120DAB8954121DBB6800221CC2D
:108160009A21CE2161EE2022CFB67200EF20B68098
:108170000120DA9EA02607E620B558EEA02607E6E5
:1081800000EF20C0B8BF20B582B648012004C8B8AF
:10819000AEA03121B5A402B583CDDCEF02A034211D
:1081A0000EC5C122CD2102CDB401AC7101210EC892
:1081B0009220EF210E406221B662010421C2EF201D
:1081C00002B559B75520CCB8B8A02C07E620CEB5DB
:1081D0001FEE20CFB6800120D296A02D07E600EF3B
:1081E00020CC9DA02407E620CEB505EE20CFB666B4
:1081F000A10CB00153EE20B00170EEA02D07E600F7
:10820000EF20D995A10FB1015320F09C2095A10A30
:10821000B10153A105B10153A110B10153012007D0
:10822000E600EF022004C8212302CDCDB402307154
:10823000012204C822242302CDCDCDB4023F710116
:1082400023B8DC21B001BA23222602CDCDCDB40261
:1082500052710122B8C621B001BA21242602CDCD27
:10826000CDB4026571012022242602CDCDCDCDB43E
:10827000027370002121C4232502CDCDB402807188
:108280000122B893219220EF2298019420B101BAE3
:1082900020EF21B87BB77500B86EB76A21B73B21D4
:0282A000B72500
:00000001FF
